// Jest Snapshot v1, https://goo.gl/fbAQLP

exports[`Hits applies its default props 1`] = `
<div
  className="cvi-Hits-hits"
>
  <div
    className="cvi-Hits-hits-list"
  >
    <div
      className="cvi-Hits-empty"
    >
      No results were found
    </div>
  </div>
</div>
`;
