// Jest Snapshot v1, https://goo.gl/fbAQLP

exports[`SearchBox applies its default props 1`] = `
<div
  className="cvi-SearchBox"
>
  <form
    onSubmit={[Function]}
  >
    <div>
      <input
        autoCapitalize="off"
        autoComplete="off"
        autoCorrect="off"
        className="cvi-SearchBox-input"
        onInput={[Function]}
        placeholder={[Function]}
        spellCheck={false}
        type="search"
        value=""
      />
      <button
        className="cvi-SearchBox-clear"
        onClick={[Function]}
      >
        Clear
      </button>
      <button
        className="cvi-SearchBox-submit"
        type="submit"
      >
        Search
      </button>
    </div>
  </form>
</div>
`;
